


ARM Macro Assembler    Page 1 


    1 00000000                 PRESERVE8
    2 00000000                 THUMB
    3 00000000                 AREA             appcode, CODE, READONLY
    4 00000000                 EXPORT           __main
    5 00000000                 ENTRY
    6 00000000         __main  FUNCTION
    7 00000000        0 
                       exponent
                               SN               s0
    8 00000000        1 
                       n       SN               s1
    9 00000000        2 
                       sum     SN               s2
   10 00000000        3 
                       temp    SN               s3
   11 00000000 EEB7 0A00       VMOV.F32         exponent, #1
   12 00000004 EEF2 0A04       VMOV.F32         n, #10
   13 00000008 EEB7 1A00       VMOV.F32         sum, #1
   14 0000000C EEF7 1A00       VMOV.F32         temp, #1
   15 00000010         loop
   16 00000010 EEF5 0A40       VCMP.F32         n, #0x00000000
   17 00000014 EEF1 FA10       VMRS             APSR_nzcv, FPSCR
   18 00000018 D008            BEQ              result
   19 0000001A EE81 1A20       VDIV.F32         sum, sum, n
   20 0000001E EE21 1A00       VMUL.F32         sum, sum, exponent
   21 00000022 EE31 1A21       VADD.F32         sum, sum, temp
   22 00000026 EE70 0AE1       VSUB.F32         n, n, temp
   23 0000002A E7F1            B                loop
   24 0000002C         result
   25 0000002C EEB0 2A41       VMOV.F32         s4, sum     ; Output is stored 
                                                            in r4
   26 00000030 E7FE    stop    B                stop        ; stop program
   27 00000032                 ENDFUNC
   28 00000032                 END
Command Line: --debug --xref --diag_suppress=9931 --cpu=Cortex-M4.fp --apcs=int
erwork --depend=.\objects\final.d -o.\objects\final.o -I.\RTE\_Target_1 -IC:\Ke
il_v5\ARM\PACK\ARM\CMSIS\5.0.1\CMSIS\Include -IC:\Keil_v5\ARM\PACK\ARM\CMSIS\5.
0.1\Device\ARM\ARMCM4\Include --predefine="__EVAL SETA 1" --predefine="__UVISIO
N_VERSION SETA 524" --predefine="_RTE_ SETA 1" --predefine="ARMCM4_FP SETA 1" -
-list=.\listings\final.lst final.s



ARM Macro Assembler    Page 1 Alphabetic symbol ordering
Relocatable symbols

__main 00000000

Symbol: __main
   Definitions
      At line 6 in file final.s
   Uses
      At line 4 in file final.s
Comment: __main used once
appcode 00000000

Symbol: appcode
   Definitions
      At line 3 in file final.s
   Uses
      None
Comment: appcode unused
loop 00000010

Symbol: loop
   Definitions
      At line 15 in file final.s
   Uses
      At line 23 in file final.s
Comment: loop used once
result 0000002C

Symbol: result
   Definitions
      At line 24 in file final.s
   Uses
      At line 18 in file final.s
Comment: result used once
stop 00000030

Symbol: stop
   Definitions
      At line 26 in file final.s
   Uses
      At line 26 in file final.s
Comment: stop used once
5 symbols
344 symbols in table
